Using launch settings from /app/DanialNetFood/DanialNetFood.Web/Properties/launchSettings.json...
Building...
info: Microsoft.EntityFrameworkCore.Database.Command[20101]
      Executed DbCommand (16ms) [Parameters=[], CommandType='Text', CommandTimeout='30']
      SELECT COUNT(*) FROM "sqlite_master" WHERE "type" = 'table' AND "rootpage" IS NOT NULL;
info: Microsoft.EntityFrameworkCore.Database.Command[20101]
      Executed DbCommand (1ms) [Parameters=[], CommandType='Text', CommandTimeout='30']
      SELECT EXISTS (
          SELECT 1
          FROM "Users" AS "u")
info: Microsoft.Hosting.Lifetime[14]
      Now listening on: http://0.0.0.0:5000
info: Microsoft.Hosting.Lifetime[0]
      Application started. Press Ctrl+C to shut down.
info: Microsoft.Hosting.Lifetime[0]
      Hosting environment: Development
info: Microsoft.Hosting.Lifetime[0]
      Content root path: /app/DanialNetFood/DanialNetFood.Web
info: Microsoft.EntityFrameworkCore.Database.Command[20101]
      Executed DbCommand (8ms) [Parameters=[@username='?' (Size = 5)], CommandType='Text', CommandTimeout='30']
      SELECT "u"."Id", "u"."Latitude", "u"."Longitude", "u"."PasswordHash", "u"."Role", "u"."Username"
      FROM "Users" AS "u"
      WHERE "u"."Username" = @username
info: Microsoft.EntityFrameworkCore.Database.Command[20101]
      Executed DbCommand (0ms) [Parameters=[], CommandType='Text', CommandTimeout='30']
      SELECT "o"."Id", "o"."CommissionAmount", "o"."DriverId", "o"."OrderDate", "o"."RestaurantId", "o"."Status", "o"."TotalAmount", "o"."UserId"
      FROM "Orders" AS "o"
info: Microsoft.EntityFrameworkCore.Database.Command[20101]
      Executed DbCommand (0ms) [Parameters=[], CommandType='Text', CommandTimeout='30']
      SELECT "r"."Id", "r"."Description", "r"."ImageUrl", "r"."Latitude", "r"."Longitude", "r"."Name", "r"."OwnerId", "r"."ServiceRadiusKm"
      FROM "Restaurants" AS "r"
info: Microsoft.EntityFrameworkCore.Database.Command[20101]
      Executed DbCommand (0ms) [Parameters=[@username='?' (Size = 5)], CommandType='Text', CommandTimeout='30']
      SELECT "u"."Id", "u"."Latitude", "u"."Longitude", "u"."PasswordHash", "u"."Role", "u"."Username"
      FROM "Users" AS "u"
      WHERE "u"."Username" = @username
info: Microsoft.EntityFrameworkCore.Database.Command[20101]
      Executed DbCommand (0ms) [Parameters=[], CommandType='Text', CommandTimeout='30']
      SELECT "o"."Id", "o"."CommissionAmount", "o"."DriverId", "o"."OrderDate", "o"."RestaurantId", "o"."Status", "o"."TotalAmount", "o"."UserId"
      FROM "Orders" AS "o"
